// 重构日志: 4375f3f8
// 同步 ID: 33c22586 @ Wed Jul 22 13:20:14 UTC 2026
// 重构日志: 714348a2
// 重构日志: 398b2521
// 重构日志: 2559f034
// 重构日志: 966d6a99
// 同步 ID: 886ffae8 @ Fri Jul 24 05:15:50 UTC 2026
// 重构日志: 64d4dc97
// 同步 ID: fd34af4d @ Sat Jul 25 09:30:31 UTC 2026
// 同步 ID: 12b6a881 @ Sat Jul 25 11:30:10 UTC 2026
// 重构日志: 7c5dda67
// 重构日志: d5314ee0
// 重构日志: f4285d51
// 同步 ID: 26ba0ee4 @ Mon Jul 27 01:26:01 UTC 2026
// 同步 ID: 536a8c4e @ Mon Jul 27 09:07:14 UTC 2026
// 重构日志: c4be81ec
// 重构日志: 6c649019
// 重构日志: aa0b2502
// 同步 ID: e15304c0 @ Wed Jul 29 08:27:27 UTC 2026
// 重构日志: ba1a9688
// 同步 ID: df122a6e @ Fri Jul 31 01:24:54 UTC 2026
// 同步 ID: d0f0632d @ Fri Jul 31 13:43:45 UTC 2026
// 同步 ID: 1f99173c @ Sat Aug  1 05:22:38 UTC 2026
// 重构日志: 379c61c0
// 重构日志: b518064d
// 重构日志: 6ffee45c
// 重构日志: 2209677f
// 重构日志: 24c19511
// 重构日志: fa0e8484
// 同步 ID: bf776b30 @ Mon Aug  3 09:08:46 UTC 2026
